C51 COMPILER V7.06   DELAY_                                                                02/19/2020 11:27:53 PAGE 1   


C51 COMPILER V7.06, COMPILATION OF MODULE DELAY_
OBJECT MODULE PLACED IN delay .OBJ
COMPILER INVOKED BY: C:\Keil\C51\BIN\C51.EXE delay .c COMPACT BROWSE DEBUG OBJECTEXTEND

stmt level    source

   1          #include <delay.h>
   2          #include <intrins.h>
   3          #include "stc12c5a60s2.h"
   4          void delay ( unsigned int m ) //—” ±≥Ã–Ú£¨Œ¢√Óº∂
   5          {
   6   1          while ( m-- )
   7   1          {
   8   2              _nop_();
   9   2              _nop_();
  10   2              _nop_();
  11   2          }
  12   1      }
  13          void delay1us ( void ) //ŒÛ≤Ó -0.005353009259us
  14          {
  15   1          _nop_();
  16   1          _nop_();
  17   1          _nop_();
  18   1      }
  19          void delay10us ( void ) //ŒÛ≤Ó -0.005353009259us
  20          {
  21   1          unsigned char i;
  22   1          _nop_();
  23   1          i = 25;
  24   1          while ( --i )
  25   1          {
  26   2              ;
  27   2          }
  28   1      }
  29          void delay1Ms ( void ) //ŒÛ≤Ó -0.005353009259us
  30          {
  31   1          unsigned char i, j;
  32   1          _nop_();
  33   1          _nop_();
  34   1          _nop_();
  35   1          i = 11;
  36   1          j = 190;
  37   1          do
  38   1          {
  39   2              while ( --j )
  40   2              {
  41   3                  ;
  42   3              }
  43   2          }
  44   1          while ( --i );
  45   1      }
  46          /***********∂Ã—” ±********************************************************/
  47          void delay5Ms ( void )
  48          {
  49   1          unsigned char i, j;
  50   1          i = 54;
  51   1          j = 199;
  52   1          WDT_CONTR = 0x3f;
  53   1          do
  54   1          {
  55   2              while ( --j )
C51 COMPILER V7.06   DELAY_                                                                02/19/2020 11:27:53 PAGE 2   

  56   2              {
  57   3                  ;
  58   3              }
  59   2          }
  60   1          while ( --i );
  61   1      }
  62          /***********≥§—” ±********************************************************/
  63          void Delay100ms()       //@11.0592MHz
  64          {
  65   1          unsigned char i, j, k;
  66   1      
  67   1          _nop_();
  68   1          _nop_();
  69   1          i = 5;
  70   1          j = 52;
  71   1          k = 195;
  72   1          do
  73   1          {
  74   2              do
  75   2              {
  76   3                  while ( --k );
  77   3              }
  78   2              while ( --j );
  79   2          }
  80   1          while ( --i );
  81   1      }
  82          
  83          
  84          
  85          void delay400Ms ( void )
  86          {
  87   1          unsigned char i, j, k;
  88   1          _nop_();
  89   1          _nop_();
  90   1          i = 17;
  91   1          j = 208;
  92   1          k = 27;
  93   1          do
  94   1          {
  95   2              do
  96   2              {
  97   3                  while ( --k )
  98   3                  {
  99   4                      ;
 100   4                  }
 101   3              }
 102   2              while ( --j );
 103   2          }
 104   1          while ( --i );
 105   1      }


MODULE INFORMATION:   STATIC OVERLAYABLE
   CODE SIZE        =     80    ----
   CONSTANT SIZE    =   ----    ----
   XDATA SIZE       =   ----    ----
   PDATA SIZE       =   ----    ----
   DATA SIZE        =   ----    ----
   IDATA SIZE       =   ----    ----
   BIT SIZE         =   ----    ----
END OF MODULE INFORMATION.


C51 COMPILATION COMPLETE.  0 WARNING(S),  0 ERROR(S)
